// Jest Snapshot v1, https://goo.gl/fbAQLP

exports[`Tags render correctly 1`] = `
<div>
  <ul
    className="tags"
  >
    <li
      className="text-white hover:border-gray-600 border-white border p-3 mr-2 text-center inline-flex items-center justify-center h-10 mb-6 shadow-lg rounded-full hover:bg-white hover:text-gray-600 cursor-pointer"
    >
      test
    </li>
  </ul>
</div>
`;
